// Vitest Snapshot v1

exports[`day 3 > q1 1`] = `496`;

exports[`day 3 > q1 2`] = `847`;
